// Jest Snapshot v1, https://goo.gl/fbAQLP

exports[`nav block component test 1`] = `
Object {
  "asFragment": [Function],
  "baseElement": <body>
    <div>
      <div
        class="tabs"
      >
        <section
          class="locations container"
        >
          <ul
            class="locations__list tabs__list"
          >
            <a>
              <li
                class="locations__item"
              >
                <div
                  class="locations__item-link tabs__item tabs__item--active"
                >
                  <span>
                    Paris
                  </span>
                </div>
              </li>
            </a>
            <a>
              <li
                class="locations__item"
              >
                <div
                  class="locations__item-link tabs__item false"
                >
                  <span>
                    Cologne
                  </span>
                </div>
              </li>
            </a>
            <a>
              <li
                class="locations__item"
              >
                <div
                  class="locations__item-link tabs__item false"
                >
                  <span>
                    Brussels
                  </span>
                </div>
              </li>
            </a>
            <a>
              <li
                class="locations__item"
              >
                <div
                  class="locations__item-link tabs__item false"
                >
                  <span>
                    Amsterdam
                  </span>
                </div>
              </li>
            </a>
            <a>
              <li
                class="locations__item"
              >
                <div
                  class="locations__item-link tabs__item false"
                >
                  <span>
                    Hamburg
                  </span>
                </div>
              </li>
            </a>
            <a>
              <li
                class="locations__item"
              >
                <div
                  class="locations__item-link tabs__item false"
                >
                  <span>
                    Dusseldorf
                  </span>
                </div>
              </li>
            </a>
          </ul>
        </section>
      </div>
    </div>
  </body>,
  "container": <div>
    <div
      class="tabs"
    >
      <section
        class="locations container"
      >
        <ul
          class="locations__list tabs__list"
        >
          <a>
            <li
              class="locations__item"
            >
              <div
                class="locations__item-link tabs__item tabs__item--active"
              >
                <span>
                  Paris
                </span>
              </div>
            </li>
          </a>
          <a>
            <li
              class="locations__item"
            >
              <div
                class="locations__item-link tabs__item false"
              >
                <span>
                  Cologne
                </span>
              </div>
            </li>
          </a>
          <a>
            <li
              class="locations__item"
            >
              <div
                class="locations__item-link tabs__item false"
              >
                <span>
                  Brussels
                </span>
              </div>
            </li>
          </a>
          <a>
            <li
              class="locations__item"
            >
              <div
                class="locations__item-link tabs__item false"
              >
                <span>
                  Amsterdam
                </span>
              </div>
            </li>
          </a>
          <a>
            <li
              class="locations__item"
            >
              <div
                class="locations__item-link tabs__item false"
              >
                <span>
                  Hamburg
                </span>
              </div>
            </li>
          </a>
          <a>
            <li
              class="locations__item"
            >
              <div
                class="locations__item-link tabs__item false"
              >
                <span>
                  Dusseldorf
                </span>
              </div>
            </li>
          </a>
        </ul>
      </section>
    </div>
  </div>,
  "debug": [Function],
  "findAllByAltText": [Function],
  "findAllByDisplayValue": [Function],
  "findAllByLabelText": [Function],
  "findAllByPlaceholderText": [Function],
  "findAllByRole": [Function],
  "findAllByTestId": [Function],
  "findAllByText": [Function],
  "findAllByTitle": [Function],
  "findByAltText": [Function],
  "findByDisplayValue": [Function],
  "findByLabelText": [Function],
  "findByPlaceholderText": [Function],
  "findByRole": [Function],
  "findByTestId": [Function],
  "findByText": [Function],
  "findByTitle": [Function],
  "getAllByAltText": [Function],
  "getAllByDisplayValue": [Function],
  "getAllByLabelText": [Function],
  "getAllByPlaceholderText": [Function],
  "getAllByRole": [Function],
  "getAllByTestId": [Function],
  "getAllByText": [Function],
  "getAllByTitle": [Function],
  "getByAltText": [Function],
  "getByDisplayValue": [Function],
  "getByLabelText": [Function],
  "getByPlaceholderText": [Function],
  "getByRole": [Function],
  "getByTestId": [Function],
  "getByText": [Function],
  "getByTitle": [Function],
  "queryAllByAltText": [Function],
  "queryAllByDisplayValue": [Function],
  "queryAllByLabelText": [Function],
  "queryAllByPlaceholderText": [Function],
  "queryAllByRole": [Function],
  "queryAllByTestId": [Function],
  "queryAllByText": [Function],
  "queryAllByTitle": [Function],
  "queryByAltText": [Function],
  "queryByDisplayValue": [Function],
  "queryByLabelText": [Function],
  "queryByPlaceholderText": [Function],
  "queryByRole": [Function],
  "queryByTestId": [Function],
  "queryByText": [Function],
  "queryByTitle": [Function],
  "rerender": [Function],
  "unmount": [Function],
}
`;
