// Jest Snapshot v1, https://goo.gl/fbAQLP

exports[`login component block test 1`] = `<div />`;
